<html>
<body>
<pre>
<h1>µVision Build Log</h1>
<h2>Project:</h2>
Z:\home\jaceschrist\MEGA\University\Architetture dei Sistemi di Elaborazione\Laboratori\Laboratorio 9\sample_led_button\sample.uvproj
Project File Date:  01/12/2019

<h2>Output:</h2>
Build target 'Target 1'
compiling IRQ_button.c...
linking...
Program Size: Code=1504 RO-data=236 RW-data=4 ZI-data=612  
".\sample.axf" - 0 Error(s), 0 Warning(s).
</pre>
</body>
</html>
pengo led accesi
button_EXINT\IRQ_button.c: 0 warnings, 1 error
".\sample.axf" - 1 Error(s), 0 Warning(s).
Target not created
eated
Warning(s).
g, 1 error
".\sample.axf" - 1 Error(s), 1 Warning(s).
Target not created
NT\IRQ_button.c: 1 warning, 2 errors
".\sample.axf" - 2 Error(s), 1 Warning(s).
Target not created
